   Compiling twister v0.3.0 (C:\Users\pixel\Downloads\twister)
error: linking with `link.exe` failed: exit code: 1120
  |
  = note: "C:\\Program Files\\Microsoft Visual Studio\\18\\Community\\VC\\Tools\\MSVC\\14.50.35717\\bin\\HostX64\\x64\\link.exe" "/NOLOGO" "C:\\Users\\pixel\\Downloads\\twister\\target\\debug\\deps\\rustcDp4TDH\\symbols.o" "<257 object files omitted>" "drivers/RTL-SDR-x64\\rtlsdr_static.lib" "drivers/RTL-SDR-x64\\convenience_static.lib" "drivers/RTL-SDR-x64\\libgetopt_static.lib" "setupapi.lib" "winusb.lib" "user32.lib" "C:\\Users\\pixel\\Downloads\\twister\\target\\debug\\deps/{libpollster-4676a9c6ed47ef2d,libburn-ac2bba2a0ff3228c,libburn_nn-4f3d8a48644d41b1,libburn_wgpu-2d71b9787b623d4b,libburn_cubecl-53f3cfe75b2c7e29,libburn_cubecl_fusion-10de56f3a886a5a4,libburn_fusion-91c9a61d6ea490c1,libcubek-d6c387e9a80fccd4,libcubek_attention-6488a89860623bdb,libcubek_convolution-55cd4e790109281d,libcubek_matmul-3a39ba6d88bc06f8,libcubek_reduce-0287debb75d2dc99,libcubek_random-df98da0211375bf2,libcubek_quant-b1768ec96aad07f1,libburn_autodiff-e53606a6c44e02ae,libburn_train-60d3a16c2db198f6,libtracing_appender-a77bdb74172fae29,libtracing_subscriber-86f2a33608051d69,libthread_local-bd425b8d4ebe2b45,libnu_ansi_term-01ae36c7859f61b0,libsharded_slab-a1379853fa9c07b7,libtracing_log-a56d0aa7bba401b6,libburn_ndarray-eedd19d6d7752316,libatomic_float-6a109da38cd639c8,libmacerator-17b138354260b51b,libmoddef-8abbdb94aa321746,libndarray-537be0acca70c4c9,libmatrixmultiply-17cc62620cdb62d4,libthread_tree-220bc0e35073d708,librawpointer-2222540d403d5ee3,libburn_ir-7cb297943e153819,libburn_rl-662ce704f89cd4fd,libnvml_wrapper-6d64be1911650d1f,libnvml_wrapper_sys-11c9a1955f74b5aa,libsysinfo-201c7a5811e3427f,libntapi-879d414f49a8d974,libsystemstat-8b72ae5a5e11a3b3,libbytesize-2c34ceab7dde1f6f,liblazy_static-63df343e558929b0,libratatui-90b67227a448824b,libratatui_macros-663dfa84e1bbf9fe,libratatui_widgets-0c5a8c6ec86657a5,libtime-5b375e7759e94aed,libtime_core-5d0b0d65d8865584,libnum_conv-28c09d09957734a0,libderanged-f979612a45e571b2,libpowerfmt-69e0af1f0c36d828,libline_clipping-d45211ec022a2ef7,libratatui_crossterm-23cb88f0c15780b1,libcrossterm-46943b1934c8d1e6,libcrossterm_winapi-c2b6e19909593a82,libwinapi-cad024521fee00f3,libratatui_core-b8ed4e51d991247b,libunicode_truncate-966407cce6e6fceb,liblru-87894e6dc2def8f7,libkasuari-7eeb020f3701789e,libcompact_str-fe0c6cc9e9b8686a,libcastaway-f722246b4b1e570b,libburn_optim-133c9c410fc35544,libburn_core-e047d00399ba8f55,libahash-7aaab216aa5dddc5,libbincode-895a0e2a66ce1c07,libunty-2382507e7bc17a69,libdata_encoding-c7f20514f25073e1,libburn_dataset-d8c7e4b30c8455a6,librmp_serde-5836a101bc5e733e,librmp-b27c318021065888,libcsv-43c4778fbd653fef,libcsv_core-d6a72b160711ccd6,libserde_rusqlite-05913d445e711649,libr2d2_sqlite-2c58750d244827c0,libuuid-f41ff782389daf6b,librand-ef13add69d154d40,librand_chacha-bd1ea44ab6e1f328,librand_core-ad33a3d47d5c7ee8,libgetrandom-3858108ceea0f958,librusqlite-890b903d631235bd,libhashlink-0707078517613757,liblibsqlite3_sys-f26a4d66a404ac10,libfallible_streaming_iterator-2d6be4d14cf6025e,libfallible_iterator-de82172796ad0efb,libr2d2-6820cdc437c4d9e1,libscheduled_thread_pool-c1a222a37f776c8e,libgix_tempfile-f6998f7473dda700,libsignal_hook-358693b3114b4894,libsignal_hook_registry-7d17e20c366a7ed1,liberrno-eb36dcd2a21d10cd,liblibc-baddb54fc08f35e6,libdashmap-237338dec17835e9,libhashbrown-cac483d2d7cc1c95,libtempfile-dd5c2ec3e9b0ba54,libgix_fs-6a27b5b0a6598e53,libgix_path-6d4e1a0948f31d90,libgix_validate-3c212dcb4ee0ccf6,libbstr-b87a3f3671a144bf,libgix_features-6c70e39f99aed19a,libgix_utils-9d7112f4d13b9ef2,libfastrand-10ef9522f1e1c88e,libunicode_normalization-2067400ac5cc9f27,libgix_trace-217d3b5e582bc406,libburn_tensor-6e7e1defe56a8551,libcolored-2d382075a034edf9,libburn_backend-871f589a14c1d165,librand_distr-4c4abb631091f73f,libburn_std-bb49499f3c0cba2c,libcubecl-27e7a05bdab691fe,libcubecl_std-44a8b77ee8e79d67,libcubecl_wgpu-ad86f16aa5ef5db3,libcubecl_core-d1179a14578167bb,libcubecl_runtime-ec9faee61e3d792f,libtoml-5f737c13f048ecb8,libtoml_writer-d06bf8b30ebb71e2,libtoml_parser-19f17fda023486c7,libwinnow-d37e019ffd45cf32,libserde_spanned-4e0ac78372331304,libtoml_datetime-2c5c63b0430f7b4f,libmd5-b03e7bdcbbbfe66b,libasync_channel-01b21a864773c48e,libevent_listener_strategy-3d0826c2c2b65c02,libevent_listener-7c77428833f4b633,libconcurrent_queue-94ecc1b6f5f4693b,libcubecl_ir-69fa60b73b5e71a0,libfloat_ord-07c82b5f49328e0a,libenumset-6fd12e4e978efde6,libcubecl_zspace-315fa7167de2a183,libcubecl_common-b6aee026d50198f9,libfutures_lite-7da8110addcf4f05,libparking-60f5450c4b8a0b22,libsanitize_filename-1fd276978e9cd3f8,libregex-310458cd7f64068b,libregex_automata-cbc83da264d96c78,libaho_corasick-545e2efac1adc541,libregex_syntax-dbf0979a8260a466,libdirs-bd558ccd98c60732,libdirs_sys-ad80c5e4d40736fb,liboption_ext-34eb3fcffac9cf63,libserde_bytes-6450be8b2fe46c37,libspin-6b75f9c856233198,libfloat8-6a87914a2cf2d73f,libfloat4-bd2fe9d0b2c25a2d,libxxhash_rust-27d2ba54139af93a,libweb_time-2395b707b7975d57,librand-98a34b70a361cf0b,libgetrandom-da717382993e06f4,libchacha20-6f0b6e51f77a748d,libcpufeatures-1884ca50b3f6d175,librand_core-f226ac5c2c32b4f2,libneo4rs-eb1e2200477caade,libchrono_tz-9d4dd5c39902d265,libphf-75d92942a1aeb3ef,libphf_shared-d641ac88f3bbf179,libdeadpool-437a80e8aeb88535,libnum_cpus-4acab8d011998a19,libretain_mut-24b5e151dc5c5d1c,libdeadpool_runtime-fc15aa1f4ba08caf,librustls_native_certs-80632cb9e0e6202c,libfutures-c0ec93a18cd778fd,libfutures_executor-5728f6b1fededb89,libbackoff-af730ba3171667c6,libinstant-bc0ccfbd79a0cc36,libwgpu-c07065038ba20df4,libwgpu_core-b8ac9e16b7cf2387,libwgpu_hal-17259e0549b16dfd,librenderdoc_sys-3571b607004e7bf6,libgpu_descriptor-97ed45746a2b726b,libhashbrown-893d2139b5a28e67,libfoldhash-54ab6c30a3c3fe73,libgpu_descriptor_types-deb29837a3033d87,libgpu_allocator-cb263e8ad0ca355e,libpresser-d772f7cf04ca52c1,libash-764799fdb656667c,libordered_float-43f583b5da56addc,libnaga-54c1d6843682ee29,librustc_hash-aa4268b4031503cc,libhexf_parse-0db1d9e71aa5213f,libunicode_ident-1b0c0394a5d4e7ae,libcodespan_reporting-2c32e32977988602,libunicode_width-a561e5b3b2c424e6,libspirv-72c54537ec59a01f,librange_alloc-06bd72a3e3ced0e0,libbit_set-04fd68209abd8e03,libbit_vec-31bc6176b45a50e7,libwgpu_types-2057c76524d973ca,libqdrant_client-c4b20f3f40834936,libreqwest-594d260beee09325,libserde_urlencoded-4e6e6cfaae2723a9,libryu-043940303c19ef62,libhyper_rustls-4da5b5c4d35e96d4,libwebpki_roots-3e14f64fc16d33e8,libhyper_tls-07bc110eeaceeb2c,libtokio_native_tls-839777316f472d40,libencoding_rs-e98736bb1075451a,libtower_http-0c44e37945656d7a,libiri_string-cc65ddc32511fa96,libnative_tls-d0bd102278d8a1a5,liburl-507271696a39c4e5,libidna-30b06f38f845f5b3,libutf8_iter-1d01367cd5217324,libidna_adapter-787a0858b07c8ae6,libicu_properties-ef5fb70d23a61662,libicu_properties_data-160fe4407345a5d1,libicu_normalizer-a39ec41d280bb196,libicu_normalizer_data-3c8fc3c4396bcbea,libicu_collections-d51addff6b7328c6,libpotential_utf-8a26a2d9ea883c69,libicu_provider-6a0ac572a737f87a,libzerotrie-3083e86870e10bf2,libform_urlencoded-e730d4e2ed0489f6,libprost_types-20e54160a4dd437a,libsemver-ae29cc67665dacad,libderive_builder-1e8523e95bb921b8,libserde_json-c71e4f163ea30983,libzmij-2a9b1b66e9ac85a4,libtonic-5ae01545a7c6b4d7,librustls_pemfile-45ee013f3d732c9f,libsocket2-72c54cd20a740216,librustls_native_certs-c73ee394ca5beda5,libschannel-632605371b26fa0e,libhyper_timeout-2e144c887ffdc33f,libasync_stream-7ce83b39159d8448,libtokio_rustls-6acba1ac521b4a9f,librustls-94846a3954392b39,libsubtle-99758392dd2e679b,libwebpki-2df711203296a6fa,libring-9fa917ad7b1945ba,libuntrusted-bc35ab30871c2fad,librustls_pki_types-dd9a69c736448709,libzeroize-3635eb2af413ad86,libhyper_util-4a081a65fc764430,libwindows_registry-b852b28514d5661d,libipnet-c2a6b190f9dbb8a5,libhyper-7167d1eca4fe13e7,libwant-36a40dfde1bacee1,libtry_lock-bf12ad01c020f932,libhttparse-7ac9d8a200166513,libh2-986eb8a4ebedbff6,libindexmap-478dffebb8c35be0,libpin_utils-9cffb5ac320065d7,libatomic_waker-da532394cca53708,libhttpdate-0cf73af2fa2af10a,libaxum-db33499f9572badb,libpercent_encoding-4dc054c3190641d3,libmatchit-09967a25f96b224b,libaxum_core-64ae4999c2b93f6e,libmime-343933e94137b2e5,libtower-766506851a391e38,libsync_wrapper-78af2fa5e96c8fdb,libtower-1fae3305daa40c71,libindexmap-798bd2d2636adf5f,libhashbrown-d84772a3815c8d3a,libtokio_util-3211a5145f3b292f,librand-6b3902a55df9adae,librand_chacha-af018c8d65deb4f2,libppv_lite86-5b45a522eac6aca3,librand_core-496f0c4655d7aeb5,libgetrandom-18a38d47a160fe82,libfutures_util-162f1bf61570775c,libfutures_io-890690ddc8046d0a,libfutures_channel-de2e0f0e956f772e,libfutures_sink-31f0e5c255778d92,libfutures_task-c2b8271b1d038a64,libtower_layer-86d2ee44d2bf36a6,libprost-e432b748abcc2681,libtower_service-789304dcc38f9b0e,libtokio_stream-46f88ee9e9f42c34,libtokio-3fd9b8f651ee7950,libsocket2-3b15141667f804be,libmio-6eb69ddb66da7e2e,libwindows_sys-da334c1132788189,libparking_lot-09544c6e54b14950,libparking_lot_core-3cdace80589e4de1,liblock_api-9db9db49303dc582,libhttp_body_util-176cb765b6106ccc,libfutures_core-9d1a2bc0dc951944,libhttp_body-ce27189956be7c23,libhttp-bb443bb312a7f500,libitoa-71c4e390bf8c4a2a,libbytes-f6e1f89e302f76e1,librustfft-c19e31fcf888bec8,libprimal_check-3feffebded3f8403,libtranspose-1879d4a8dfe678eb,libstrength_reduce-902b783f45c73197,libnum_complex-3d7a1715b21e57b9,libcpal-e0a5738bd84a07a8,libdasp_sample-4bf8a15506e256fa,libslint-ec6f0b08f06a8446,libi_slint_backend_selector-9f2209bc9b430a13,libi_slint_backend_winit-93ae5dd689c8f959,libglutin_winit-ec9065b46ca66cf4,libaccesskit_winit-9e0d6b3baaf4e6c9,libaccesskit_windows-70f7b9dae56f0290,libstatic_assertions-429886ec9bd37562,libwindows-be7b2641e925528a,libwindows_core-88e743a77c941632,libwindows_strings-c5b425e40f170703,libwindows_result-25c5c8fed9f85929,libwindows_link-09ee00f5427e8c63,libaccesskit_consumer-8dc60725a4327f43,libwindows-c41e5cf4131191d5,libwindows_numerics-abd9a43ce60145e9,libwindows_core-453bce7d4a0bbe2f,libwindows_strings-decc8ced416e84a3,libwindows_result-d6adb76473bbdf5e,libmuda-c06ac33d0b05b5d7,libwindows_sys-c2a6f99d4b072989,libwindows_targets-a2bc8136784f0aa5,libkeyboard_types-ee6c632ccee158ba,libcrossbeam_channel-92d4878dcf49598f,libaccesskit-99646a5a5aed484e,libglutin-c0443c22a281abc3,libglutin_wgl_sys-eb757e74a1e7eeb6,liblibloading-540c4c4449afa418,libglutin_egl_sys-72257186eea14dfc,libi_slint_renderer_femtovg-9f72fbf662865889,libfemtovg-7e50bf80a10991e9,libglow-8876d6756bd606eb,libfnv-85802ff828019ab5,libwinit-521c4a627ba803a2,libtracing-624bb674fced86a9,libpin_project_lite-f2bac919b03080c6,libtracing_core-f105a2272ac1579f,libwindows_sys-9d9adcac297628fa,libsmol_str-5d828bc43744b64a,libcursor_icon-06ee07e5e717a939,libdpi-3f81f2ee32af2221,libraw_window_handle-5d402b1b61f00a7f,libcopypasta-fc2e95565239c212,libclipboard_win-3bebd602a3e46c77,liberror_code-d4022513ddf37bb8,libi_slint_core-534a1229950294f9,libsys_locale-a3136b1f2e768253,libhtmlparser-58d16a33fac6ce8b,libpulldown_cmark-3d13154a70057324,libunicase-c693bed077711f33,libpulldown_cmark_escape-9260c78f3bb6c42b,libslab-32a2649b2c634d4e,libpin_weak-510919e7cf0dd250,libimage-90deef1686d1d45a,libqoi-c8f50f031975e4d7,libmoxcms-4b432464281e16b6,libpxfm-c964ff96b6150b17,libtiff-5a04a52be77e438d,libfax-c4193f8a1f7428ef,libzune_jpeg-690309b163b88ddf,libzune_core-33a389053e7e4239,libpng-0562b2ed3ea66011,libexr-536aef49ab629b4f,libzune_inflate-307eedd5c3936a40,libbit_field-d5055547393865a4,liblebe-16d24cbd21b2b246,libhalf-82d3b39717a0a897,libzerocopy-911dce6680b8bd53,libravif-e491c8f95647e032,libloop9-ee598090d880175a,libavif_serialize-2e3cf4dfd399e0ec,librav1e-bc0991f81cef4808,libprofiling-f5bb7ade4ed304b6,libav_scenechange-4f82931e9eb9e105,liby4m-2a26a1b92f621e0d,libaligned-19d3917b465d61b6,libas_slice-619bbc01909fc256,libav1_grain-e3c9357a04c331b1,libnom-2dcb87b8f687a2ab,libnum_rational-4b4b1f19f90e7a3f,libnum_bigint-299ea582b9e42135,libnum_integer-912497c05686b287,libanyhow-f98fd9a7e0be22f5,libmaybe_rayon-3a76a13335149935,librayon-9ad8ad8c0b04082f,librayon_core-76f339a51e9f5ae6,libcrossbeam_deque-e2c4d10c1f00734a,libcrossbeam_epoch-b02c7c8886d64139,libcrossbeam_utils-0fdf0b61704f357b,libv_frame-f7690ad5d6ebddda,libaligned_vec-43a21e2a2430ccaf,libequator-d8facf2280286c68,libbitstream_io-0273607e92bca068,libitertools-08c4c81baf1415fc,libeither-34096cf5038af9d3,libimgref-03b193f3c8751c6b,libclru-4eba62faafcda659,liblyon_extra-2bfd018a3783fc32,libthiserror-b9271dd4276e03a7,liblyon_algorithms-3e703e64340c842c,libthiserror-d5cd8a56dd9bd6f6,libscopeguard-dd05333c8f99a558,libscoped_tls_hkt-98fc86077735fa1f,libderive_more-ecf6af0df460d3d4,libstrum-9d4e8a959e1997b4,libparley-8224cd3e5b70bbe4,libharfrust-17514c0e0b978760,libswash-00e281f14159dd5d,libskrifa-093162dac5ed3ab6,libunicode_linebreak-1befc16f146fe68a,libpin_project-5eca315990997689,libunicode_segmentation-b5f8a921334dab00,libonce_cell-8bf70fcad073680c,libi_slint_common-1606d91295416341,libfontique-f30a2cebe1abf0f3,libmemmap2-87fb9d96f31ddda0,liblinebender_resource_handle-b48821b8fc841f71,libicu_locale_core-a9b3c8b37cf7a05a,libwriteable-9e3db8cd53f8f6bf,libtinystr-feaf0b78c7179a52,libzerovec-872636b96e664883,libyoke-26c50db9717ade77,libzerofrom-1faa830358648f3d,liblitemap-cf0eeafeaeab66c0,libread_fonts-b070e1991244818a,libcore_maths-ea9d47059d969893,liblibm-86603bef10dc41a8,libfont_types-ece69a603a809639,libwindows-b7520d462f441e8d,libwindows_core-0643c230f3694fbc,libwindows_strings-64723cae6398eb03,libwindows_result-eff0c39870969e3e,libwindows_targets-6c781dbe648108d9,libhashbrown-647325d946577830,libequivalent-487a67a8fb3553ba,liballocator_api2-7759b64aecc9df95,libfoldhash-4af60195d925b807,libresvg-4ebc9ddfcb210222,libimage_webp-96f0038d33db0bf6,libquick_error-d46c07aeabd1e701,libbyteorder_lite-0207a626a0e3b7eb,libgif-ee1afbf23ca172e4,libcolor_quant-77df44bef04e4d77,libweezl-b0e1374664e8ee0d,libzune_jpeg-4b7c73a2576c81f6,libzune_core-6d4ae250561ee454,librgb-019401983e9dcd02,libusvg-1725984294e04269,libbase64-dc449ba843682403,libunicode_bidi-710cd1d7c31838a8,libunicode_vo-6c4c6b843dd05505,libimagesize-1b357c6f83ff43fd,libdata_url-5885f336451992e3,libxmlwriter-c6ca17c53c622147,libsimplecss-e111eed265d67206,libroxmltree-dbb7433d4ac9721e,libmemchr-6fc826e59009455c,libsvgtypes-3d46b50c48d8df1b,libkurbo-a315fa649399cd8c,libsiphasher-fe5e76258e500e34,librustybuzz-11faa9edf3d44c29,libunicode_bidi_mirroring-e54ccd476de8e2ec,libunicode_script-a3b77463244d68e8,libunicode_properties-36140e30cca164d5,libsmallvec-d669d3ad3c6e5a55,libunicode_ccc-d6df77af6dbaa57e,libfontdb-d6259a7d6e185ff6,libtinyvec-786cbcf727078850,libtinyvec_macros-ae50873b41653be0,libslotmap-785119bc84d7c020,libttf_parser-8b80239ab1e03625,libtiny_skia-ac6b2feb8071eeee,libpng-5530b60e626b3361,libbitflags-256624fc39592835,libflate2-7812a0288e166d17,libminiz_oxide-0242c37cef62d99e,libfdeflate-fa84c58b2ade7936,libsimd_adler32-9467ea7c051a9a74,libcrc32fast-ba4878202caaaaea,libcfg_if-998c1881005b3173,liblog-ce5bee9fabab0806,libtiny_skia_path-2b2684baf281107a,libbytemuck-8dec8fdda2118a7f,libstrict_num-3fd8b84aa4a78149,libfloat_cmp-689a168771093304,libarrayref-023a9c9e4849c3e2,liblyon_path-eb282bda99cd0de7,liblyon_geom-74e02c68a7d3be85,libarrayvec-ea08fc5aefcd2fdd,libchrono-723d2abef5e934fe,libwindows_link-5fd23327fd723a0a,libeuclid-e9aea54a6590d5c1,libnum_traits-efa272fe42d6e556,libvtable-4a0349474b19d014,libstable_deref_trait-e3167892fd97ab3b,libportable_atomic-2db53df3dff42e37,libserde-eb9da0c1ed41671c,libconst_field_offset-5653d212dfb01c21,libfield_offset-1d8f2103fd8bed4b,libmemoffset-2d6b12a7801acf0f,libbitflags-642873ffeccfd845,libserde_core-34ba208b2153ccf0}.rlib" "<sysroot>\\lib\\rustlib\\x86_64-pc-windows-msvc\\lib/{libstd-*,libpanic_unwind-*,libcfg_if-*,libwindows_link-*,librustc_demangle-*,libstd_detect-*,libhashbrown-*,librustc_std_workspace_alloc-*,libunwind-*,librustc_std_workspace_core-*,liballoc-*,libcore-*,libcompiler_builtins-*}.rlib" "ntdll.lib" "iphlpapi.lib" "kernel32.lib" "advapi32.lib" "cfgmgr32.lib" "credui.lib" "gdi32.lib" "kernel32.lib" "msimg32.lib" "opengl32.lib" "pdh.lib" "secur32.lib" "synchronization.lib" "user32.lib" "winspool.lib" "ws2_32.lib" "legacy_stdio_definitions.lib" "bcrypt.lib" "advapi32.lib" "C:\\Users\\pixel\\.cargo\\registry\\src\\index.crates.io-1949cf8c6b5b557f\\windows_x86_64_msvc-0.53.1\\lib\\windows.0.53.0.lib" "opengl32.lib" "C:\\Users\\pixel\\.cargo\\registry\\src\\index.crates.io-1949cf8c6b5b557f\\windows_x86_64_msvc-0.52.6\\lib\\windows.0.52.0.lib" "kernel32.lib" "user32.lib" "shell32.lib" "gdi32.lib" "advapi32.lib" "kernel32.lib" "C:\\Users\\pixel\\.cargo\\registry\\src\\index.crates.io-1949cf8c6b5b557f\\windows_x86_64_msvc-0.52.6\\lib\\windows.0.52.0.lib" "C:\\Users\\pixel\\.cargo\\registry\\src\\index.crates.io-1949cf8c6b5b557f\\windows_x86_64_msvc-0.52.6\\lib\\windows.0.52.0.lib" "C:\\Users\\pixel\\.cargo\\registry\\src\\index.crates.io-1949cf8c6b5b557f\\windows_x86_64_msvc-0.52.6\\lib\\windows.0.52.0.lib" "C:\\Users\\pixel\\.cargo\\registry\\src\\index.crates.io-1949cf8c6b5b557f\\windows_x86_64_msvc-0.52.6\\lib\\windows.0.52.0.lib" "kernel32.lib" "kernel32.lib" "kernel32.lib" "ntdll.lib" "userenv.lib" "ws2_32.lib" "dbghelp.lib" "/defaultlib:msvcrt" "/NXCOMPAT" "/LIBPATH:C:\\Users\\pixel\\Downloads\\twister\\target\\debug\\build\\libsqlite3-sys-b0f7d675a3bc311d\\out" "/LIBPATH:C:\\Users\\pixel\\Downloads\\twister\\target\\debug\\build\\ring-aa3ec37ae7ca1668\\out" "/LIBPATH:drivers/RTL-SDR-x64" "/LIBPATH:C:\\Program Files\\Microsoft Visual Studio\\18\\Community\\VC\\Tools\\MSVC\\14.50.35717\\atlmfc\\lib\\x64" "/LIBPATH:C:\\Users\\pixel\\.cargo\\registry\\src\\index.crates.io-1949cf8c6b5b557f\\windows_x86_64_msvc-0.53.1\\lib" "/LIBPATH:C:\\Users\\pixel\\.cargo\\registry\\src\\index.crates.io-1949cf8c6b5b557f\\windows_x86_64_msvc-0.52.6\\lib" "/OUT:C:\\Users\\pixel\\Downloads\\twister\\target\\debug\\deps\\twister.exe" "/OPT:REF,NOICF" "/DEBUG" "/PDBALTPATH:%_PDB%" "/NATVIS:<sysroot>\\lib\\rustlib\\etc\\intrinsic.natvis" "/NATVIS:<sysroot>\\lib\\rustlib\\etc\\liballoc.natvis" "/NATVIS:<sysroot>\\lib\\rustlib\\etc\\libcore.natvis" "/NATVIS:<sysroot>\\lib\\rustlib\\etc\\libstd.natvis" "/NATVIS:C:\\Users\\pixel\\Downloads\\twister\\target\\debug\\deps\\rustcDp4TDH\\twister-0.natvis" "/NATVIS:C:\\Users\\pixel\\Downloads\\twister\\target\\debug\\deps\\rustcDp4TDH\\twister-1.natvis" "/NATVIS:C:\\Users\\pixel\\Downloads\\twister\\target\\debug\\deps\\rustcDp4TDH\\twister-2.natvis" "/STACK:8000000"
  = note: some arguments are omitted. use `--verbose` to show all linker arguments
  = note: LINK : warning LNK4098: defaultlib 'LIBCMT' conflicts with use of other libs; use /NODEFAULTLIB:library
          rtlsdr_static.lib(librtlsdr.obj) : error LNK2019: unresolved external symbol libusb_init referenced in function rtlsdr_get_device_count
          rtlsdr_static.lib(librtlsdr.obj) : error LNK2019: unresolved external symbol libusb_exit referenced in function rtlsdr_close
          rtlsdr_static.lib(librtlsdr.obj) : error LNK2019: unresolved external symbol libusb_get_device_list referenced in function rtlsdr_get_device_count
          rtlsdr_static.lib(librtlsdr.obj) : error LNK2019: unresolved external symbol libusb_free_device_list referenced in function rtlsdr_get_device_count
          rtlsdr_static.lib(librtlsdr.obj) : error LNK2019: unresolved external symbol libusb_get_device_descriptor referenced in function rtlsdr_get_device_count
          rtlsdr_static.lib(librtlsdr.obj) : error LNK2019: unresolved external symbol libusb_open referenced in function rtlsdr_get_device_usb_strings
          rtlsdr_static.lib(librtlsdr.obj) : error LNK2019: unresolved external symbol libusb_close referenced in function rtlsdr_close
          rtlsdr_static.lib(librtlsdr.obj) : error LNK2019: unresolved external symbol libusb_get_device referenced in function rtlsdr_get_usb_strings
          rtlsdr_static.lib(librtlsdr.obj) : error LNK2019: unresolved external symbol libusb_claim_interface referenced in function rtlsdr_open
          rtlsdr_static.lib(librtlsdr.obj) : error LNK2019: unresolved external symbol libusb_release_interface referenced in function rtlsdr_close
          rtlsdr_static.lib(librtlsdr.obj) : error LNK2019: unresolved external symbol libusb_reset_device referenced in function rtlsdr_open
          rtlsdr_static.lib(librtlsdr.obj) : error LNK2019: unresolved external symbol libusb_kernel_driver_active referenced in function rtlsdr_open
          rtlsdr_static.lib(librtlsdr.obj) : error LNK2019: unresolved external symbol libusb_alloc_transfer referenced in function rtlsdr_read_async
          rtlsdr_static.lib(librtlsdr.obj) : error LNK2019: unresolved external symbol libusb_submit_transfer referenced in function _libusb_callback
          rtlsdr_static.lib(librtlsdr.obj) : error LNK2019: unresolved external symbol libusb_cancel_transfer referenced in function rtlsdr_read_async
          rtlsdr_static.lib(librtlsdr.obj) : error LNK2019: unresolved external symbol libusb_free_transfer referenced in function rtlsdr_read_async
          rtlsdr_static.lib(librtlsdr.obj) : error LNK2019: unresolved external symbol libusb_control_transfer referenced in function rtlsdr_close
          rtlsdr_static.lib(librtlsdr.obj) : error LNK2019: unresolved external symbol libusb_bulk_transfer referenced in function rtlsdr_read_sync
          rtlsdr_static.lib(librtlsdr.obj) : error LNK2019: unresolved external symbol libusb_get_string_descriptor_ascii referenced in function rtlsdr_get_usb_strings
          rtlsdr_static.lib(librtlsdr.obj) : error LNK2019: unresolved external symbol libusb_handle_events_timeout_completed referenced in function rtlsdr_read_async
          C:\Users\pixel\Downloads\twister\target\debug\deps\twister.exe : fatal error LNK1120: 20 unresolved externals
          

error: could not compile `twister` (bin "twister") due to 1 previous error
